A0(0 1).
A0(0 0).
A1(1 0).
A1(0 0).
B0a().
B0b(1).
B0b(0).
B0c(1).
B0c(0).
B0e(0).
B0d(1).
B0d(0).
B1c(0).
B1b(0).
B1a().
B2b().
B1e(0).
B1d(0).
D1(1).
B1f(0).
B2a().
B2c(0).
C0b().
A2(1 1).
A2(1 0).
A3(1 0).
D0().
D2(0).
D3(1 0).
E0a().
